Internal Server Error: /
Traceback (most recent call last):
  File "C:\Users\Acer\Documents\kimi\tasks\2026-10-07\05-20-00-6322b75d\.venv\Lib\site-packages\django\core\handlers\exception.py", line 56, in inner
    response = get_response(request)
               ^^^^^^^^^^^^^^^^^^^^^
  File "C:\Users\Acer\Documents\kimi\tasks\2026-10-07\05-20-00-6322b75d\.venv\Lib\site-packages\django\core\handlers\base.py", line 199, in _get_response
    response = wrapped_callback(request, *callback_args, **callback_kwargs)
               ^^^^^^^^^^^^^^^^^^^^^^^^^^^^^^^^^^^^^^^^^^^^^^^^^^^^^^^^^^^^
  File "C:\Users\Acer\Documents\kimi\tasks\2026-10-07\05-20-00-6322b75d\eventos\views.py", line 88, in home
    return render(request, "eventos/home.html", contexto)
           ^^^^^^^^^^^^^^^^^^^^^^^^^^^^^^^^^^^^^^^^^^^^^^
  File "C:\Users\Acer\Documents\kimi\tasks\2026-10-07\05-20-00-6322b75d\.venv\Lib\site-packages\django\shortcuts.py", line 27, in render
    content = loader.render_to_string(template_name, context, request, using=using)
              ^^^^^^^^^^^^^^^^^^^^^^^^^^^^^^^^^^^^^^^^^^^^^^^^^^^^^^^^^^^^^^^^^^^^^
  File "C:\Users\Acer\Documents\kimi\tasks\2026-10-07\05-20-00-6322b75d\.venv\Lib\site-packages\django\template\loader.py", line 62, in render_to_string
    return template.render(context, request)
           ^^^^^^^^^^^^^^^^^^^^^^^^^^^^^^^^^
  File "C:\Users\Acer\Documents\kimi\tasks\2026-10-07\05-20-00-6322b75d\.venv\Lib\site-packages\django\template\backends\django.py", line 107, in render
    return self.template.render(context)
           ^^^^^^^^^^^^^^^^^^^^^^^^^^^^^
  File "C:\Users\Acer\Documents\kimi\tasks\2026-10-07\05-20-00-6322b75d\.venv\Lib\site-packages\django\template\base.py", line 174, in render
    return self._render(context)
           ^^^^^^^^^^^^^^^^^^^^^
  File "C:\Users\Acer\Documents\kimi\tasks\2026-10-07\05-20-00-6322b75d\.venv\Lib\site-packages\django\template\base.py", line 166, in _render
    return self.nodelist.render(context)
           ^^^^^^^^^^^^^^^^^^^^^^^^^^^^^
  File "C:\Users\Acer\Documents\kimi\tasks\2026-10-07\05-20-00-6322b75d\.venv\Lib\site-packages\django\template\base.py", line 1107, in render
    return SafeString("".join([node.render_annotated(context) for node in self]))
                               ^^^^^^^^^^^^^^^^^^^^^^^^^^^^^^
  File "C:\Users\Acer\Documents\kimi\tasks\2026-10-07\05-20-00-6322b75d\.venv\Lib\site-packages\django\template\base.py", line 1068, in render_annotated
    return self.render(context)
           ^^^^^^^^^^^^^^^^^^^^
  File "C:\Users\Acer\Documents\kimi\tasks\2026-10-07\05-20-00-6322b75d\.venv\Lib\site-packages\django\template\loader_tags.py", line 160, in render
    return compiled_parent._render(context)
           ^^^^^^^^^^^^^^^^^^^^^^^^^^^^^^^^
  File "C:\Users\Acer\Documents\kimi\tasks\2026-10-07\05-20-00-6322b75d\.venv\Lib\site-packages\django\template\base.py", line 166, in _render
    return self.nodelist.render(context)
           ^^^^^^^^^^^^^^^^^^^^^^^^^^^^^
  File "C:\Users\Acer\Documents\kimi\tasks\2026-10-07\05-20-00-6322b75d\.venv\Lib\site-packages\django\template\base.py", line 1107, in render
    return SafeString("".join([node.render_annotated(context) for node in self]))
                               ^^^^^^^^^^^^^^^^^^^^^^^^^^^^^^
  File "C:\Users\Acer\Documents\kimi\tasks\2026-10-07\05-20-00-6322b75d\.venv\Lib\site-packages\django\template\base.py", line 1068, in render_annotated
    return self.render(context)
           ^^^^^^^^^^^^^^^^^^^^
  File "C:\Users\Acer\Documents\kimi\tasks\2026-10-07\05-20-00-6322b75d\.venv\Lib\site-packages\django\template\loader_tags.py", line 66, in render
    result = block.nodelist.render(context)
             ^^^^^^^^^^^^^^^^^^^^^^^^^^^^^^
  File "C:\Users\Acer\Documents\kimi\tasks\2026-10-07\05-20-00-6322b75d\.venv\Lib\site-packages\django\template\base.py", line 1107, in render
    return SafeString("".join([node.render_annotated(context) for node in self]))
                               ^^^^^^^^^^^^^^^^^^^^^^^^^^^^^^
  File "C:\Users\Acer\Documents\kimi\tasks\2026-10-07\05-20-00-6322b75d\.venv\Lib\site-packages\django\template\base.py", line 1068, in render_annotated
    return self.render(context)
           ^^^^^^^^^^^^^^^^^^^^
  File "C:\Users\Acer\Documents\kimi\tasks\2026-10-07\05-20-00-6322b75d\.venv\Lib\site-packages\django\template\defaulttags.py", line 333, in render
    return nodelist.render(context)
           ^^^^^^^^^^^^^^^^^^^^^^^^
  File "C:\Users\Acer\Documents\kimi\tasks\2026-10-07\05-20-00-6322b75d\.venv\Lib\site-packages\django\template\base.py", line 1107, in render
    return SafeString("".join([node.render_annotated(context) for node in self]))
                               ^^^^^^^^^^^^^^^^^^^^^^^^^^^^^^
  File "C:\Users\Acer\Documents\kimi\tasks\2026-10-07\05-20-00-6322b75d\.venv\Lib\site-packages\django\template\base.py", line 1068, in render_annotated
    return self.render(context)
           ^^^^^^^^^^^^^^^^^^^^
  File "C:\Users\Acer\Documents\kimi\tasks\2026-10-07\05-20-00-6322b75d\.venv\Lib\site-packages\django\template\defaulttags.py", line 249, in render
    nodelist.append(node.render_annotated(context))
                    ^^^^^^^^^^^^^^^^^^^^^^^^^^^^^^
  File "C:\Users\Acer\Documents\kimi\tasks\2026-10-07\05-20-00-6322b75d\.venv\Lib\site-packages\django\template\base.py", line 1068, in render_annotated
    return self.render(context)
           ^^^^^^^^^^^^^^^^^^^^
  File "C:\Users\Acer\Documents\kimi\tasks\2026-10-07\05-20-00-6322b75d\.venv\Lib\site-packages\django\template\defaulttags.py", line 511, in render
    url = reverse(view_name, args=args, kwargs=kwargs, current_app=current_app)
          ^^^^^^^^^^^^^^^^^^^^^^^^^^^^^^^^^^^^^^^^^^^^^^^^^^^^^^^^^^^^^^^^^^^^^
  File "C:\Users\Acer\Documents\kimi\tasks\2026-10-07\05-20-00-6322b75d\.venv\Lib\site-packages\django\urls\base.py", line 98, in reverse
    resolved_url = resolver._reverse_with_prefix(view, prefix, *args, **kwargs)
                   ^^^^^^^^^^^^^^^^^^^^^^^^^^^^^^^^^^^^^^^^^^^^^^^^^^^^^^^^^^^^
  File "C:\Users\Acer\Documents\kimi\tasks\2026-10-07\05-20-00-6322b75d\.venv\Lib\site-packages\django\urls\resolvers.py", line 842, in _reverse_with_prefix
    raise NoReverseMatch(msg)
django.urls.exceptions.NoReverseMatch: Reverse for 'evento_detalhe' with arguments '('tour-vinícolas-da-serra-gaúcha-8809',)' not found. 1 pattern(s) tried: ['evento/(?P<slug>[-a-zA-Z0-9_]+)/\\Z']
[08/Oct/2026 20:15:36] "GET / HTTP/1.1" 500 283464
[08/Oct/2026 20:16:11] "GET / HTTP/1.1" 200 39043
